Flutter crash report.
Please report a bug at https://github.com/flutter/flutter/issues.

## command

flutter create --project-name ohos_ui_example example

## exception

ProcessPackageException: ProcessException: Failed to find "npm" in the search path.
  Command: npm 

```
#0      LocalProcessManager.runSync (package:process/src/interface/local_process_manager.dart:118:7)
#1      ErrorHandlingProcessManager.runSync.<anonymous closure> (package:flutter_tools/src/base/error_handling_io.dart:680:26)
#2      _runSync (package:flutter_tools/src/base/error_handling_io.dart:552:14)
#3      ErrorHandlingProcessManager.runSync (package:flutter_tools/src/base/error_handling_io.dart:678:12)
#4      installHvigorPlugin (package:flutter_tools/src/ohos/hvigor_utils.dart:208:26)
#5      OhosProject.ensureReadyForPlatformSpecificTooling (package:flutter_tools/src/project.dart:1340:12)
#6      FlutterProject.ensureReadyForPlatformSpecificTooling (package:flutter_tools/src/project.dart:418:18)
<asynchronous suspension>
#7      CreateCommand.runCommand (package:flutter_tools/src/commands/create.dart:546:9)
<asynchronous suspension>
#8      FlutterCommand.run.<anonymous closure> (package:flutter_tools/src/runner/flutter_command.dart:1581:27)
<asynchronous suspension>
#9      AppContext.run.<anonymous closure> (package:flutter_tools/src/base/context.dart:154:19)
<asynchronous suspension>
#10     CommandRunner.runCommand (package:args/command_runner.dart:212:13)
<asynchronous suspension>
#11     FlutterCommandRunner.runCommand.<anonymous closure> (package:flutter_tools/src/runner/flutter_command_runner.dart:503:9)
<asynchronous suspension>
#12     AppContext.run.<anonymous closure> (package:flutter_tools/src/base/context.dart:154:19)
<asynchronous suspension>
#13     FlutterCommandRunner.runCommand (package:flutter_tools/src/runner/flutter_command_runner.dart:438:5)
<asynchronous suspension>
#14     run.<anonymous closure>.<anonymous closure> (package:flutter_tools/runner.dart:98:11)
<asynchronous suspension>
#15     AppContext.run.<anonymous closure> (package:flutter_tools/src/base/context.dart:154:19)
<asynchronous suspension>
#16     main (package:flutter_tools/executable.dart:101:3)
<asynchronous suspension>
```

## flutter doctor

```
[!] Flutter (Channel [user-branch], 3.35.8-ohos-1.0.4, on macOS 15.4.1 24E263 darwin-arm64, locale zh-Hans-CN) [99ms]
    ! Flutter version 3.35.8-ohos-1.0.4 on channel [user-branch] at /Users/zacksleo/fvm/versions/ohos/oh-3.35.7-release
      Currently on an unknown channel. Run `flutter channel` to switch to an official channel.
      If that doesn't fix the issue, reinstall Flutter by following instructions at https://flutter.dev/setup.
    ! Upstream repository https://atomgit.com/CPF-Flutter/flutter_flutter is not a standard remote.
      Set environment variable "FLUTTER_GIT_URL" to https://atomgit.com/CPF-Flutter/flutter_flutter to dismiss this error.
    • Framework revision 04d2008b35 (13 days ago), 2026-09-24 18:27:47 +0800
    • Engine revision 035316565a
    • Dart version 3.9.2
    • DevTools version 2.48.0
    • Feature flags: enable-ohos, enable-web, enable-linux-desktop, enable-macos-desktop, enable-windows-desktop, enable-android, enable-ios, cli-animations, enable-native-assets, enable-lldb-debugging
    • If those were intentional, you can disregard the above warnings; however it is recommended to use "git" directly to perform update checks and upgrades.

[✗] HarmonyOS toolchain - develop for HarmonyOS devices
    • OpenHarmony Sdk at /Applications/DevEco-Studio.app/Contents/sdk, available api versions has [26:default]
    ✗ Ohpm is missing, please configure "ohpm" to the environment variable PATH.
    ✗ Node is missing, please configure "node" to the environment variable PATH.
    ✗ Hvigorw is missing, please configure "hvigorw" to the environment variable PATH.

[✗] Android toolchain - develop for Android devices [53ms]
    ✗ Unable to locate Android SDK.
      Install Android Studio from: https://developer.android.com/studio/index.html
      On first launch it will assist you in installing the Android SDK components.
      (or visit https://flutter.dev/to/macos-android-setup for detailed instructions).
      If the Android SDK has been installed to a custom location, please use
      `flutter config --android-sdk` to update to that location.


[✗] Xcode - develop for iOS and macOS [58ms]
    ✗ Xcode installation is incomplete; a full installation is necessary for iOS and macOS development.
      Download at: https://developer.apple.com/xcode/
      Or install Xcode via the App Store.
      Once installed, run:
        sudo xcode-select --switch /Applications/Xcode.app/Contents/Developer
        sudo xcodebuild -runFirstLaunch
    ✗ CocoaPods not installed.
        CocoaPods is a package manager for iOS or macOS platform code.
        Without CocoaPods, plugins will not work on iOS or macOS.
        For more info, see https://flutter.dev/to/platform-plugins
      For installation instructions, see https://guides.cocoapods.org/using/getting-started.html#installation

[✗] Chrome - develop for the web (Cannot find Chrome executable at /Applications/Google Chrome.app/Contents/MacOS/Google Chrome) [29ms]
    ! Cannot find Chrome. Try setting CHROME_EXECUTABLE to a Chrome executable.

[!] Android Studio (not installed) [29ms]
    • Android Studio not found; download from https://developer.android.com/studio/index.html
      (or visit https://flutter.dev/to/macos-android-setup for detailed instructions).

[✓] VS Code (version 1.139.1) [29ms]
    • VS Code at /Applications/Visual Studio Code.app/Contents
    • Flutter extension can be installed from:
      🔨 https://marketplace.visualstudio.com/items?itemName=Dart-Code.flutter

[✓] Connected device (2 available) [153ms]
    • 127.0.0.1:5555 (mobile) • 127.0.0.1:5555 • ohos-arm64   • Ohos OpenHarmony-7.0.0.105 (API 26)
    • macOS (desktop)         • macos          • darwin-arm64 • macOS 15.4.1 24E263 darwin-arm64

[!] Network resources [77.6s]
    ✗ A network error occurred while checking "https://maven.google.com/": Operation timed out

! Doctor found issues in 7 categories.
```
